// Jest Snapshot v1, https://goo.gl/fbAQLP

exports[`components/EntryPreview Should match snapshot 1`] = `
<View
  pointerEvents="box-none"
  style={
    Object {
      "flex": 1,
    }
  }
>
  <View
    collapsable={true}
    pointerEvents="box-none"
    style={
      Object {
        "flex": 1,
      }
    }
  >
    <RNGestureHandlerButton
      collapsable={false}
      rippleColor={0}
      style={
        Array [
          Object {
            "overflow": "hidden",
          },
          undefined,
        ]
      }
    >
      <View
        accessible={true}
        style={
          Object {
            "backgroundColor": "#fff",
            "borderRadius": 4,
            "display": "flex",
            "elevation": 3,
            "flex": 1,
            "marginHorizontal": 10,
            "marginVertical": 10,
            "padding": 8,
            "shadowColor": "#000",
            "shadowOffset": Object {
              "height": 1,
              "width": 0,
            },
            "shadowOpacity": 0.22,
            "shadowRadius": 2.22,
            "width": 150,
          }
        }
        testID="preview-button"
      >
        <ScrollView
          collapsable={false}
          style={
            Object {
              "flex": 1,
              "overflow": "hidden",
            }
          }
        >
          <Text
            numberOfLines={1}
            style={
              Array [
                Object {
                  "fontSize": 16,
                  "height": 18,
                },
                Object {
                  "fontFamily": "roboto",
                },
              ]
            }
          >
            My-Title
          </Text>
          <Text
            style={
              Array [
                Object {
                  "fontSize": 14,
                  "marginVertical": 2,
                  "overflow": "hidden",
                },
                Object {
                  "fontFamily": "roboto-light-italic",
                },
              ]
            }
          >
            Jun 17th, 2020
          </Text>
          <Text
            numberOfLines={2}
            style={
              Array [
                Object {
                  "fontSize": 14,
                  "marginVertical": 2,
                  "overflow": "hidden",
                },
                Object {
                  "fontFamily": "roboto-thin-italic",
                },
              ]
            }
          >
            This is a description
          </Text>
          <ScrollView
            collapsable={false}
          >
            <Text
              style={
                Array [
                  Object {
                    "fontSize": 14,
                    "marginVertical": 2,
                    "overflow": "hidden",
                  },
                  Object {
                    "fontFamily": "roboto-thin-italic",
                  },
                ]
              }
            >
              This is the body
            </Text>
          </ScrollView>
        </ScrollView>
        <ScrollView
          collapsable={false}
          contentContainerStyle={
            Object {
              "justifyContent": "flex-start",
            }
          }
          horizontal={true}
          style={
            Object {
              "height": 20,
              "maxHeight": 20,
            }
          }
        >
          <View
            style={
              Object {
                "backgroundColor": "#c1c1c1",
                "borderRadius": 100,
                "height": 16,
                "margin": 2,
                "width": 16,
              }
            }
            testID="category"
          />
          <View
            style={
              Object {
                "backgroundColor": "#333333",
                "borderRadius": 100,
                "height": 16,
                "margin": 2,
                "width": 16,
              }
            }
            testID="category"
          />
        </ScrollView>
      </View>
    </RNGestureHandlerButton>
  </View>
</View>
`;
